// Jest Snapshot v1, https://goo.gl/fbAQLP

exports[`Circle components basic render 1`] = `
<AnimatedComponent
  style={
    Array [
      Object {
        "borderRadius": 28,
        "height": 56,
        "width": 56,
      },
      undefined,
      Object {
        "backgroundColor": "#fff",
        "transform": Array [
          Object {
            "scale": "#3330",
          },
        ],
      },
    ]
  }
/>
`;
