// Jest Snapshot v1, https://goo.gl/fbAQLP

exports[`MultiSlider basic demo 1`] = `""`;

exports[`MultiSlider basic demo1 1`] = `
<AlarmSwitch
  max={100}
  min={0}
/>
`;
