// Jest Snapshot v1, https://goo.gl/fbAQLP

exports[`Loading components basic render 1`] = `
<View
  style={
    Array [
      Object {
        "alignItems": "center",
        "justifyContent": "center",
      },
      Object {},
    ]
  }
>
  <View
    style={
      Array [
        Object {},
        undefined,
      ]
    }
  >
    <LoadingBubbles
      color="#ff0987"
      size={20}
      spaceBetween={10}
    />
  </View>
</View>
`;
