// Jest Snapshot v1, https://goo.gl/fbAQLP

exports[`ScheduleList components basic render 1`] = `
<View
  style={
    Object {
      "alignSelf": "stretch",
    }
  }
>
  <TYFlatList
    data={Array []}
    flatListRef={null}
    separatorStyle={null}
    useART={false}
  />
</View>
`;
